// Jest Snapshot v1, https://goo.gl/fbAQLP

exports[`<PostCard /> should match snapshot 1`] = `
<div
  class="post-card"
>
  <img
    alt="title teste"
    src="img/img.png"
  />
  <div
    class="post-content"
  >
    <h2>
      title teste
       
      1
    </h2>
    <p>
      body teste
    </p>
  </div>
</div>
`;
